DotGraphExample_main -> Operator_compute
Operator_compute -> Operator_mult
Operator_compute -> Operator_add
